@HWI-ST1144:966:HKVXXXXX2:1:1101:3969:1976 1:N:0:AGTCAA#ATCCCGGTAC
TCACCACAGAAATTGTTTGACTATAAAAGACAATTCTGTGTAGTTTG
+
CBFDDG;*?B?GF?4?D69?/BFCFI8CFIEA@CFFCDECEEB?A@D
