@HWI-ST1144:966:HJVL3ADXX:1:1101:3969:1976 2:N:0:AGTCAA#ATCCCGGTAC
TCATGCTGACTTAAAAAAATCAAACTACACAGAATTGTCTTTTATAGTCAAACAATTTCTGTGGTGACGGTAAACT
+
@@@FDFFDDFHHHHIGEHBEH@GBGGHGHHCGGBEHF?FGGHGIIIE4BGIIBFGBAG@FA7@=)5@E=/?BFDEE
