@HWI-ST1144:966:HKVXXXXX2:1:1101:1918:1964 1:N:0:AGTCAA#NATATACATT
CCCTCTTCATTTGCTCTTCAACGAAAGGTGAACAGGTGGAAC
+
IIIEIGGGIHIIIBHHHGEIIIHHGIIIIIIIIHHGCHFGHI
