@HWI-ST1144:966:HKVXXXXX2:1:1101:2813:1967 1:N:0:AGTCAA
NGCCAAACAGAAATACCAGCTGCACTGGGACCCAATTTCTCCTTTGGCTACCGATCCAGAAGTTAGATCGGAAGAG
+
#1BDFFDFHHHHHJJJJJJJJIJJJJJJJJJJJJJJJJJJJGIIIIIIHIJJJJJJJJJJJGHEHHHFFFFFFCFE
