@HWI-D00306:1079:HKVXXXXX2:1:1101:3026:1930 1:N:0:ATCACG
NGAGAATAGGTTGAGGCCGTTTCGGCCCCAAGGCCTCTAGTCAT
+
#<<DDHIIIIIIIIIIIIIIIIIIIIIIIIIIIIIIIIIIIIII
