@HWI-ST1144:966:HJVL3ADXX:1:1101:2813:1967 2:N:0:AGTCAA
AACTTCTGGATCGGTAGCCAAAGGAGAAATTGGGTCCCAGTGCAGCTGGTATTTCTGTTTGGCGAGATCGGAAGAG
+
@@CFFFFFHHHHHJJEHGGIIJIGHJIIFHHAFHIFIIHIIIJIIIDGGGIDFGEGDH?CCEICHIHGHHGHFH37
