@HWI-ST1144:966:HJVL3ADXX:1:1101:1918:1964 2:N:0:AGTCAA#NATATACATT
GTTCCACCTGTTCACCTTTCGTTGAAGAGCAAATGAAGAGGGAAAATGATAATGATAATATATTGCATCGTAATAG
+
@=@DDDADHDFBDGHGHHF>CFHIIIIGEGIGIG@?CFIGG<:?FHIHDCB0BFFFHIC<EBBFHDHGFAEGIC:D
